[w5.foxdsgn.com/whizz-html/index.html]
[backblue.gif]
[fade.gif]
[index.html]
[w5.foxdsgn.com/whizz-html/assets/css/animsition.min.css]
[w5.foxdsgn.com/whizz-html/assets/css/jquery.flipster.min.css]
[w5.foxdsgn.com/whizz-html/assets/css/bootstrap.min.css]
[w5.foxdsgn.com/whizz-html/assets/css/magnific-popup.min.css]
[w5.foxdsgn.com/whizz-html/assets/css/animate.min.css]
[w5.foxdsgn.com/whizz-html/assets/css/kenburning.min.css]
[w5.foxdsgn.com/whizz-html/assets/css/font-awesome.min.css]
[w5.foxdsgn.com/whizz-html/assets/css/pe-icon-7-stroke.css]
[w5.foxdsgn.com/whizz-html/assets/css/jquery.fancybox.min.css]
[w5.foxdsgn.com/whizz-html/assets/css/swiper3.min.css]
[w5.foxdsgn.com/whizz-html/assets/lib/css/admin-style.css]
[w5.foxdsgn.com/whizz-html/assets/lib/css/lightgallery.min.css]
[w5.foxdsgn.com/whizz-html/assets/lib/css/style.min.css]
[w5.foxdsgn.com/whizz-html/assets/css/custom.css]
[w5.foxdsgn.com/whizz-html/assets/css/style.css]
[w5.foxdsgn.com/whizz-html/assets/css/admin-ajax3860.css]
[w5.foxdsgn.com/whizz-html/assets/images/fx_favicon.png]
[w5.foxdsgn.com/whizz-html/assets/images/stock-photo-189411801-1024x682.jpg]
[w5.foxdsgn.com/whizz-html/assets/images/stock-photo-123105215-1024x682.jpg]
[w5.foxdsgn.com/whizz-html/assets/images/stock-photo-138439815-1024x682.jpg]
[w5.foxdsgn.com/whizz-html/assets/images/stock-photo-159062461-e1509005459415-1024x670.jpg]
[w5.foxdsgn.com/whizz-html/assets/images/stock-photo-201395315-1024x682.jpg]
[w5.foxdsgn.com/whizz-html/home-portfolio-with-left-filter.html]
[w5.foxdsgn.com/whizz-html/home-portfolio.html]
[w5.foxdsgn.com/whizz-html/home-image.html]
[w5.foxdsgn.com/whizz-html/home-full-gallery.html]
[w5.foxdsgn.com/whizz-html/home-freelancer.html]
[w5.foxdsgn.com/whizz-html/home-full-video.html]
[w5.foxdsgn.com/whizz-html/home-albums-with-animations-background.html]
[w5.foxdsgn.com/whizz-html/home-flow-gallery.html]
[w5.foxdsgn.com/whizz-html/home-wedding.html]
[w5.foxdsgn.com/whizz-html/individuals.html]
[w5.foxdsgn.com/whizz-html/home-full-screen-youtube.html]
[w5.foxdsgn.com/whizz-html/home-slider-kenburns.html]
[w5.foxdsgn.com/whizz-html/home-zoom-slider.html]
[w5.foxdsgn.com/whizz-html/albums-style-four.html]
[w5.foxdsgn.com/whizz-html/home-video-portfolio.html]
[w5.foxdsgn.com/whizz-html/home-split-slider.html]
[w5.foxdsgn.com/whizz-html/home-classic-grid.html]
[w5.foxdsgn.com/whizz-html/albums-style-five.html]
[w5.foxdsgn.com/whizz-html/albums-style-six.html]
[w5.foxdsgn.com/whizz-html/albums-slider-info.html]
[w5.foxdsgn.com/whizz-html/home-vertical-slider.html]
[w5.foxdsgn.com/whizz-html/home-showcase.html]
[w5.foxdsgn.com/whizz-html/home-landing-split.html]
[w5.foxdsgn.com/whizz-html/home-albums-swiper.html]
[w5.foxdsgn.com/whizz-html/slider-transition.html]
[w5.foxdsgn.com/whizz-html/home-kenburn.html]
[w5.foxdsgn.com/whizz-html/home-tile-masonry.html]
[w5.foxdsgn.com/whizz-html/albums-style-eight.html]
[w5.foxdsgn.com/whizz-html/home-instagrammer.html]
[w5.foxdsgn.com/whizz-html/home-interactive-links.html]
[w5.foxdsgn.com/whizz-html/split-portfolio.html]
[w5.foxdsgn.com/whizz-html/home-agency.html]
[w5.foxdsgn.com/whizz-html/albums-style-one.html]
[w5.foxdsgn.com/whizz-html/albums-style-two.html]
[w5.foxdsgn.com/whizz-html/albums-style-three.html]
[w5.foxdsgn.com/whizz-html/lifestyle.html]
[w5.foxdsgn.com/whizz-html/gray-shades.html]
[w5.foxdsgn.com/whizz-html/portfolio-single-image.html]
[w5.foxdsgn.com/whizz-html/full-width-gallery.html]
[w5.foxdsgn.com/whizz-html/pinterest-portfolio.html]
[w5.foxdsgn.com/whizz-html/freedom.html]
[w5.foxdsgn.com/whizz-html/portfolio-single-images.html]
[w5.foxdsgn.com/whizz-html/home-splitted-slider.html]
[w5.foxdsgn.com/whizz-html/night-life.html]
[w5.foxdsgn.com/whizz-html/portfolio-single-gallery.html]
[w5.foxdsgn.com/whizz-html/home-minimal-gallery.html]
[w5.foxdsgn.com/whizz-html/mountain.html]
[w5.foxdsgn.com/whizz-html/portfolio-single-animated.html]
[w5.foxdsgn.com/whizz-html/other-view.html]
[w5.foxdsgn.com/whizz-html/portfolio-single-video.html]
[w5.foxdsgn.com/whizz-html/anna-grand.html]
[w5.foxdsgn.com/whizz-html/impressure.html]
[w5.foxdsgn.com/whizz-html/blog.html]
[w5.foxdsgn.com/whizz-html/blog-style-two.html]
[w5.foxdsgn.com/whizz-html/blog-style-three.html]
[w5.foxdsgn.com/whizz-html/blog-style-four.html]
[w5.foxdsgn.com/whizz-html/blog-style-five.html]
[w5.foxdsgn.com/whizz-html/blog-style-six.html]
[w5.foxdsgn.com/whizz-html/clients.html]
[w5.foxdsgn.com/whizz-html/page-left-sidebar.html]
[w5.foxdsgn.com/whizz-html/about-me-style-one.html]
[w5.foxdsgn.com/whizz-html/contact-me.html]
[w5.foxdsgn.com/whizz-html/alisa-piror.html]
[w5.foxdsgn.com/whizz-html/contact-us-style-one.html]
[w5.foxdsgn.com/whizz-html/page-full-width.html]
[w5.foxdsgn.com/whizz-html/about-us-style-one.html]
[w5.foxdsgn.com/whizz-html/curabitur-eget.html]
[w5.foxdsgn.com/whizz-html/pricing-style-one.html]
[w5.foxdsgn.com/whizz-html/services-style-one.html]
[w5.foxdsgn.com/whizz-html/etiam-maximus.html]
[w5.foxdsgn.com/whizz-html/our-team.html]
[w5.foxdsgn.com/whizz-html/coming-soon.html]
[w5.foxdsgn.com/whizz-html/booking.html]
[w5.foxdsgn.com/whizz-html/shop-style-one.html]
[w5.foxdsgn.com/whizz-html/shop-style-two.html]
[w5.foxdsgn.com/whizz-html/melisas-eyes.html]
[w5.foxdsgn.com/whizz-html/your-ideal-place.html]
[w5.foxdsgn.com/whizz-html/cart/index.html]
[w5.foxdsgn.com/whizz-html/assets/js/jquery-3.3.1.min.js]
[w5.foxdsgn.com/whizz-html/assets/js/lib/modernizr-2.6.2.min.js]
[w5.foxdsgn.com/whizz-html/assets/js/lib/scripts.js]
[w5.foxdsgn.com/whizz-html/assets/js/anime.min.js]
[w5.foxdsgn.com/whizz-html/assets/js/jquery.countdown.min.js]
[w5.foxdsgn.com/whizz-html/assets/js/lib/idangerous.swiper.min_.js]
[w5.foxdsgn.com/whizz-html/assets/js/jquery.flipster.min.js]
[w5.foxdsgn.com/whizz-html/assets/js/foxlazy.min.js]
[w5.foxdsgn.com/whizz-html/assets/js/jquery.easings.min.js]
[w5.foxdsgn.com/whizz-html/assets/js/jquery.multiscroll.min.js]
[cdnjs.cloudflare.com/ajax/libs/gsap/1.19.0/TweenMax.min.js]
[w5.foxdsgn.com/whizz-html/assets/js/kenburning.min.js]
[w5.foxdsgn.com/whizz-html/assets/js/equalHeightsPlugin.min.js]
[w5.foxdsgn.com/whizz-html/assets/js/jquery.fancybox.min.js]
[w5.foxdsgn.com/whizz-html/assets/js/jquery.fitvids.min.js]
[w5.foxdsgn.com/whizz-html/assets/js/zepto.min.js]
[w5.foxdsgn.com/whizz-html/assets/js/swiper3.min.js]
[w5.foxdsgn.com/whizz-html/assets/js/imagesloaded.pkgd.min.js]
[w5.foxdsgn.com/whizz-html/assets/js/fragment.js]
[w5.foxdsgn.com/whizz-html/assets/js/scrollMonitor.min.js]
[w5.foxdsgn.com/whizz-html/assets/js/slider-transition.min.js]
[w5.foxdsgn.com/whizz-html/assets/lib/js/jquery.mousewheel.min.js]
[w5.foxdsgn.com/whizz-html/assets/lib/js/lightgallery.min.js]
[w5.foxdsgn.com/whizz-html/assets/lib/js/jquery.justifiedGallery.min.js]
[w5.foxdsgn.com/whizz-html/assets/js/jquery.sliphover.min.js]
[w5.foxdsgn.com/whizz-html/assets/js/lib/thumbnails-popup.min.js]
[w5.foxdsgn.com/whizz-html/assets/js/pixi.min.js]
[w5.foxdsgn.com/whizz-html/index.html]
[w5.foxdsgn.com/whizz-html/assets/css/animsition.min.css]
[w5.foxdsgn.com/whizz-html/assets/css/jquery.flipster.min.css]
[w5.foxdsgn.com/whizz-html/assets/js/script.js]
[w5.foxdsgn.com/whizz-html/assets/fonts/glyphicons-halflings-regular.eot]
[w5.foxdsgn.com/whizz-html/assets/fonts/glyphicons-halflings-regulard41d.eot]
[w5.foxdsgn.com/whizz-html/assets/fonts/glyphicons-halflings-regular.woff]
[w5.foxdsgn.com/whizz-html/assets/fonts/glyphicons-halflings-regular.ttf]
[w5.foxdsgn.com/whizz-html/assets/css/bootstrap.min.css]
[w5.foxdsgn.com/whizz-html/assets/css/magnific-popup.min.css]
[w5.foxdsgn.com/whizz-html/assets/css/animate.min.css]
[w5.foxdsgn.com/whizz-html/assets/css/kenburning.min.css]
[w5.foxdsgn.com/whizz-html/assets/fonts/glyphicons-halflings-regular.svg]
[w5.foxdsgn.com/whizz-html/assets/fonts/fontawesome-webfont3e6e.eot]
[w5.foxdsgn.com/whizz-html/assets/fonts/fontawesome-webfontd41d.eot]
[w5.foxdsgn.com/whizz-html/assets/fonts/fontawesome-webfont3e6e.woff]
[w5.foxdsgn.com/whizz-html/assets/fonts/fontawesome-webfont3e6e.ttf]
[w5.foxdsgn.com/whizz-html/assets/css/font-awesome.min.css]
[w5.foxdsgn.com/whizz-html/assets/fonts/fontawesome-webfont3e6e.svg]
[w5.foxdsgn.com/whizz-html/assets/fonts/Pe-icon-7-strokebb1d.eot]
[w5.foxdsgn.com/whizz-html/assets/fonts/Pe-icon-7-stroked41d.eot]
[w5.foxdsgn.com/whizz-html/assets/fonts/Pe-icon-7-strokebb1d.woff]
[w5.foxdsgn.com/whizz-html/assets/fonts/Pe-icon-7-strokebb1d.ttf]
[w5.foxdsgn.com/whizz-html/assets/css/pe-icon-7-stroke.css]
[w5.foxdsgn.com/whizz-html/assets/css/jquery.fancybox.min.css]
[w5.foxdsgn.com/whizz-html/assets/css/swiper3.min.css]
[w5.foxdsgn.com/whizz-html/assets/lib/css/admin-style.css]
[w5.foxdsgn.com/whizz-html/assets/fonts/Pe-icon-7-strokebb1d.svg]
[w5.foxdsgn.com/whizz-html/assets/lib/fonts/lgd641.eot]
[w5.foxdsgn.com/whizz-html/assets/lib/fonts/lgd41d.eot]
[w5.foxdsgn.com/whizz-html/assets/lib/fonts/lgd641.woff]
[w5.foxdsgn.com/whizz-html/assets/lib/fonts/lgd641.ttf]
[w5.foxdsgn.com/whizz-html/assets/lib/fonts/lgd641.svg]
[w5.foxdsgn.com/whizz-html/assets/lib/img/vimeo-play.png]
[w5.foxdsgn.com/whizz-html/assets/lib/img/video-play.png]
[w5.foxdsgn.com/whizz-html/assets/lib/img/youtube-play.png]
[w5.foxdsgn.com/whizz-html/assets/lib/img/loading.gif]
[w5.foxdsgn.com/whizz-html/assets/lib/css/lightgallery.min.css]
[w5.foxdsgn.com/whizz-html/assets/lib/css/style.min.css]
[w5.foxdsgn.com/whizz-html/assets/images/pexels-photo-509687-copyf73d.jpg]
[w5.foxdsgn.com/whizz-html/assets/css/custom.css]
[w5.foxdsgn.com/whizz-html/assets/fonts/ArcaMajora2-Heavy.ttf]
[w5.foxdsgn.com/whizz-html/assets/fonts/ArcaMajora2-Heavy.otf]
[w5.foxdsgn.com/whizz-html/assets/fonts/ArcaMajora3-Heavy.otf]
[w5.foxdsgn.com/whizz-html/assets/fonts/ArcaMajora3-Bold.otf]
[w5.foxdsgn.com/whizz-html/assets/images/building-sprite.png]
[w5.foxdsgn.com/whizz-html/assets/images/building-sprite-2.png]
[w5.foxdsgn.com/whizz-html/assets/images/gallery5.jpg]
[w5.foxdsgn.com/whizz-html/assets/images/pexels-photo-25410.jpg]
[w5.foxdsgn.com/whizz-html/assets/images/gallery1.jpg]
[w5.foxdsgn.com/whizz-html/assets/images/pexels-photo-199165.jpg]
[w5.foxdsgn.com/whizz-html/assets/images/cursor-pause.png]
[w5.foxdsgn.com/whizz-html/assets/images/cursor_play.png]
[w5.foxdsgn.com/whizz-html/assets/images/6cc8a550520955.58d29862e629d.jpg]
[w5.foxdsgn.com/whizz-html/assets/images/3dd85725685357.5634930636ffe-e1498135352149.jpg]
[w5.foxdsgn.com/whizz-html/assets/css/style.css]
[w5.foxdsgn.com/whizz-html/assets/css/admin-ajax3860.css]
[w5.foxdsgn.com/whizz-html/assets/css/admin-ajax5e1f.css]
[w5.foxdsgn.com/whizz-html/assets/images/stock-photo-195152687.jpg]
[w5.foxdsgn.com/whizz-html/assets/images/stock-photo-182885945.jpg]
[w5.foxdsgn.com/whizz-html/assets/images/5c5e7b50120557.58c802db2901c.jpg]
[w5.foxdsgn.com/whizz-html/assets/images/d5f5ea50120557.58c802db295ee.jpg]
[w5.foxdsgn.com/whizz-html/assets/images/5a4a9b50120557.58c802db28834.jpg]
[w5.foxdsgn.com/whizz-html/assets/images/stock-photo-130275107.jpg]
[w5.foxdsgn.com/whizz-html/assets/images/stock-photo-203371029.jpg]
[w5.foxdsgn.com/whizz-html/assets/images/stock-photo-205544315-e1497369620526.jpg]
[w5.foxdsgn.com/whizz-html/assets/images/stock-photo-189411801.jpg]
[w5.foxdsgn.com/whizz-html/assets/images/stock-photo-159070851.jpg]
[w5.foxdsgn.com/whizz-html/assets/images/stock-photo-119564653.jpg]
[w5.foxdsgn.com/whizz-html/assets/images/stock-photo-138439815.jpg]
[w5.foxdsgn.com/whizz-html/assets/images/stock-photo-41454366.jpg]
[w5.foxdsgn.com/whizz-html/assets/images/stock-photo-206127493.jpg]
[w5.foxdsgn.com/whizz-html/assets/images/stock-photo-125040561.jpg]
[w5.foxdsgn.com/whizz-html/assets/images/stock-photo-126767203.jpg]
[w5.foxdsgn.com/whizz-html/assets/images/stock-photo-169542057.jpg]
[w5.foxdsgn.com/whizz-html/assets/images/stock-photo-186306821.jpg]
[w5.foxdsgn.com/whizz-html/assets/images/stock-photo-90744903.jpg]
[w5.foxdsgn.com/whizz-html/assets/images/stock-photo-69338009.jpg]
[w5.foxdsgn.com/whizz-html/assets/images/stock-photo-159062461-e1509005459415.jpg]
[w5.foxdsgn.com/whizz-html/assets/images/stock-photo-201395315.jpg]
[w5.foxdsgn.com/whizz-html/assets/images/stock-photo-206139803.jpg]
[w5.foxdsgn.com/whizz-html/assets/images/stock-photo-201522543.jpg]
[w5.foxdsgn.com/whizz-html/assets/images/stock-photo-182946011.jpg]
[w5.foxdsgn.com/whizz-html/assets/images/imgonline-com-ua-exifedithD4tlsX5EwRM.jpg]
[w5.foxdsgn.com/whizz-html/assets/images/pexels-photo-91221.jpg]
[w5.foxdsgn.com/whizz-html/assets/images/21688994_1671483912895790_8046628998651838464_n.jpg]
[w5.foxdsgn.com/whizz-html/assets/images/21819745_1951787281711042_2151630520528666624_n.jpg]
[w5.foxdsgn.com/whizz-html/assets/images/21568962_1768928190072974_9179497670320848896_n.jpg]
[w5.foxdsgn.com/whizz-html/assets/images/16906430_482575868781774_738470934502965248_n.jpg]
[w5.foxdsgn.com/whizz-html/home-portfolio-with-left-filter.html]
[w5.foxdsgn.com/cdn-cgi/scripts/5c5dd728/cloudflare-static/email-decode.min.js]
[w5.foxdsgn.com/whizz-html/assets/css/style5e1f.css]
[w5.foxdsgn.com/whizz-html/assets/css/js_composer.min.css]
[w5.foxdsgn.com/whizz-html/assets/images/cHuicvOV.jpg]
[w5.foxdsgn.com/whizz-html/assets/images/ylIqVs2i.jpg]
[w5.foxdsgn.com/whizz-html/assets/images/8eTHE4-n.jpg]
[w5.foxdsgn.com/whizz-html/home-portfolio.html]
[w5.foxdsgn.com/whizz-html/home-image.html]
[w5.foxdsgn.com/whizz-html/assets/css/custom5e1f.css]
[w5.foxdsgn.com/whizz-html/assets/css/style3860.css]
[w5.foxdsgn.com/whizz-html/assets/images/stock-photo-50127382.jpg]
[w5.foxdsgn.com/whizz-html/assets/images/stock-photo-74402117.jpg]
[w5.foxdsgn.com/whizz-html/assets/images/stock-photo-202415365.jpg]
[w5.foxdsgn.com/whizz-html/assets/images/stock-photo-144467229.jpg]
[w5.foxdsgn.com/whizz-html/assets/images/stock-photo-147939407.jpg]
[w5.foxdsgn.com/whizz-html/assets/images/stock-photo-203297713.jpg]
[w5.foxdsgn.com/whizz-html/assets/images/stock-photo-202808367.jpg]
[w5.foxdsgn.com/whizz-html/assets/images/pexels-photo-426893.jpg]
[w5.foxdsgn.com/whizz-html/assets/images/pexels-photo-132941.jpg]
[w5.foxdsgn.com/whizz-html/assets/images/pexels-photo-325520.jpg]
[w5.foxdsgn.com/whizz-html/assets/images/pexels-photo-251829.jpg]
[w5.foxdsgn.com/whizz-html/home-full-gallery.html]
[w5.foxdsgn.com/whizz-html/home-freelancer.html]
[w5.foxdsgn.com/whizz-html/assets/css/full-video-style.css]
[w5.foxdsgn.com/whizz-html/assets/js/js_composer_front.min.js]
[w5.foxdsgn.com/whizz-html/home-full-video.html]
[w5.foxdsgn.com/whizz-html/assets/css/style.min.css]
[w5.foxdsgn.com/whizz-html/assets/css/style3.min.css]
[w5.foxdsgn.com/whizz-html/assets/css/custom3860.css]
[w5.foxdsgn.com/whizz-html/assets/css/menu-item-item.css]
[w5.foxdsgn.com/whizz-html/assets/lib/mediaelement/wp-mediaelement.min.css]
[w5.foxdsgn.com/whizz-html/assets/lib/mediaelement/mediaelementplayer-legacy.min.css]
[w5.foxdsgn.com/whizz-html/assets/images/port-img-6.jpg]
[w5.foxdsgn.com/whizz-html/assets/images/port-img-3.jpg]
[w5.foxdsgn.com/whizz-html/assets/images/port-img-11.jpg]
[w5.foxdsgn.com/whizz-html/assets/js/jquery-migrate.min.js]
[w5.foxdsgn.com/whizz-html/assets/js/jquery.justifiedGallery.js]
[w5.foxdsgn.com/whizz-html/assets/js/email-decode.min.js]
[w5.foxdsgn.com/whizz-html/home-albums-with-animations-background.html]
[w5.foxdsgn.com/whizz-html/home-flow-gallery.html]
[w5.foxdsgn.com/whizz-html/assets/js/bulb.js]
[w5.foxdsgn.com/whizz-html/assets/images/stock-photo-133803155.jpg]
[w5.foxdsgn.com/whizz-html/assets/images/stock-photo-121080483.jpg]
[w5.foxdsgn.com/whizz-html/assets/images/stock-photo-200553093.jpg]
[w5.foxdsgn.com/whizz-html/assets/images/stock-photo-200553093-1024x683.jpg]
[w5.foxdsgn.com/whizz-html/assets/images/stock-photo-3010755-1024x677.jpg]
[w5.foxdsgn.com/whizz-html/assets/images/stock-photo-153302515-1024x682.jpg]
[w5.foxdsgn.com/whizz-html/assets/images/stock-photo-139696517-1024x999.jpg]
[w5.foxdsgn.com/whizz-html/assets/images/stock-photo-197750919-1024x684.jpg]
[w5.foxdsgn.com/whizz-html/assets/images/stock-photo-107572545.jpg]
[w5.foxdsgn.com/whizz-html/assets/images/stock-photo-70997983-1024x714.jpg]
[w5.foxdsgn.com/whizz-html/assets/images/stock-photo-178998903-1024x683.jpg]
[w5.foxdsgn.com/whizz-html/assets/images/stock-photo-11038291.jpg]
[w5.foxdsgn.com/whizz-html/assets/images/_L2KP89n.jpg]
[w5.foxdsgn.com/whizz-html/assets/images/tc35_6lI.jpg]
[w5.foxdsgn.com/whizz-html/home-wedding.html]
[w5.foxdsgn.com/whizz-html/assets/images/stock-photo-194889873.jpg]
[w5.foxdsgn.com/whizz-html/individuals.html]
[w5.foxdsgn.com/whizz-html/home-full-screen-youtube.html]
[w5.foxdsgn.com/whizz-html/assets/js/parallax.js]
[w5.foxdsgn.com/whizz-html/assets/audio/book1-prelude01-1.mp3]
[w5.foxdsgn.com/whizz-html/home-slider-kenburns.html]
[w5.foxdsgn.com/whizz-html/home-zoom-slider.html]
[w5.foxdsgn.com/whizz-html/albums-style-four.html]
[w5.foxdsgn.com/whizz-html/home-video-portfolio.html]
[w5.foxdsgn.com/whizz-html/assets/images/pexels-photo.jpg]
[w5.foxdsgn.com/whizz-html/assets/images/pexels-photo-271544.jpg]
[w5.foxdsgn.com/whizz-html/assets/images/pexels-photo-173295.jpg]
[w5.foxdsgn.com/whizz-html/home-split-slider.html]
[w5.foxdsgn.com/whizz-html/home-classic-grid.html]
[w5.foxdsgn.com/whizz-html/intence.html]
[w5.foxdsgn.com/whizz-html/urban-style-2.html]
[w5.foxdsgn.com/whizz-html/pink.html]
[w5.foxdsgn.com/whizz-html/peter-salivan.html]
[w5.foxdsgn.com/whizz-html/assets/images/stock-photo-202596045.jpg]
[w5.foxdsgn.com/whizz-html/mirrors-2.html]
[w5.foxdsgn.com/whizz-html/assets/images/stock-photo-206124011.jpg]
[w5.foxdsgn.com/whizz-html/loneliness.html]
[w5.foxdsgn.com/whizz-html/morning-on-sea.html]
[w5.foxdsgn.com/whizz-html/sweet-chilling.html]
[w5.foxdsgn.com/whizz-html/assets/images/stock-photo-199705023.jpg]
[w5.foxdsgn.com/whizz-html/assets/images/sweet-chilling.html]
[w5.foxdsgn.com/whizz-html/landscape.html]
[w5.foxdsgn.com/whizz-html/albums-style-five.html]
[w5.foxdsgn.com/whizz-html/assets/images/stock-photo-200924505.jpg]
[w5.foxdsgn.com/whizz-html/assets/images/ad958f12739281.578d807c8ddf8.jpg]
[w5.foxdsgn.com/whizz-html/albums-style-six.html]
[w5.foxdsgn.com/whizz-html/albums-slider-info.html]
[w5.foxdsgn.com/whizz-html/assets/images/stock-photo-199863019.jpg]
[w5.foxdsgn.com/whizz-html/assets/images/pexels-photo-173357.jpg]
[w5.foxdsgn.com/whizz-html/assets/images/stock-photo-123105215.jpg]
[w5.foxdsgn.com/whizz-html/home-vertical-slider.html]
[w5.foxdsgn.com/whizz-html/assets/images/stock-photo-202266695.jpg]
[w5.foxdsgn.com/whizz-html/assets/images/2000x2000-biglourdes-by-markus-henttonen-13.jpg]
[w5.foxdsgn.com/whizz-html/assets/images/5.jpg]
[w5.foxdsgn.com/whizz-html/assets/images/stock-photo-195498559.jpg]
[w5.foxdsgn.com/whizz-html/home-showcase.html]
[w5.foxdsgn.com/whizz-html/assets/images/ac5ee049855333.58c05756887c4.jpg]
[w5.foxdsgn.com/whizz-html/assets/images/b50da549855333.58c0575688d1b.jpg]
[w5.foxdsgn.com/whizz-html/assets/images/2000x2000-bigafphoto-sonia-szostak-campaign-mle-ss17-14.jpg]
[w5.foxdsgn.com/whizz-html/home-landing-split.html]
[w5.foxdsgn.com/whizz-html/assets/images/5f7b1d48491007.5899b2c7a0045.jpg]
[w5.foxdsgn.com/whizz-html/assets/images/feaba748491007.5899b2c77f49f.jpg]
[w5.foxdsgn.com/whizz-html/assets/images/39003048491007.5899b2c7663ff.jpg]
[w5.foxdsgn.com/whizz-html/assets/images/bebe4548491007.5899b2c7948a3.jpg]
[w5.foxdsgn.com/whizz-html/assets/images/8187b648491007.5899b2c758d5c.jpg]
[w5.foxdsgn.com/whizz-html/home-albums-swiper.html]
[w5.foxdsgn.com/whizz-html/slider-transition.html]
[w5.foxdsgn.com/whizz-html/assets/css/mCustomScrollbar.min.css]
[w5.foxdsgn.com/whizz-html/assets/css/mCustomScrollbar.css]
[w5.foxdsgn.com/whizz-html/assets/css/menu-left-center.css]
[w5.foxdsgn.com/whizz-html/home-kenburn.html]
[w5.foxdsgn.com/whizz-html/assets/js/jquery.mCustomScrollbar.js]
[w5.foxdsgn.com/whizz-html/assets/css/style-2.css]
[w5.foxdsgn.com/whizz-html/assets/images/21.jpg]
[w5.foxdsgn.com/whizz-html/assets/images/4.jpg]
[w5.foxdsgn.com/whizz-html/assets/images/dba98f50520955.58d29862e7883-1.jpg]
[w5.foxdsgn.com/whizz-html/home-tile-masonry.html]
[w5.foxdsgn.com/whizz-html/assets/images/1fe60b49855333.58c05756896b6.jpg]
[w5.foxdsgn.com/whizz-html/assets/images/fbc22750520955.58d29862e7c32.jpg]
[w5.foxdsgn.com/whizz-html/assets/images/66b35f50520955.58d29862e9817.jpg]
[w5.foxdsgn.com/whizz-html/assets/images/3f158e49855333.58c0575689b05.jpg]
[w5.foxdsgn.com/whizz-html/albums-style-eight.html]
[w5.foxdsgn.com/whizz-html/assets/css/woocommerce.css]
[w5.foxdsgn.com/whizz-html/assets/css/woocommerce-smallscreen.css]
[w5.foxdsgn.com/whizz-html/assets/css/woocommerce-layout.css]
[w5.foxdsgn.com/whizz-html/assets/images/21689871_1937774229779184_767898620191047680_n.jpg]
[w5.foxdsgn.com/whizz-html/assets/images/21480559_533501726982041_8018086686112088064_n.jpg]
[w5.foxdsgn.com/whizz-html/assets/images/21480055_1899836030233992_6822538902402760704_n.jpg]
[w5.foxdsgn.com/whizz-html/assets/images/21569382_131209254177228_5358673495121199104_n.jpg]
[w5.foxdsgn.com/whizz-html/assets/images/21568506_1893566414297817_63844577185890304_n.jpg]
[w5.foxdsgn.com/whizz-html/assets/images/21576587_466716713727232_5968263597921402880_n.jpg]
[w5.foxdsgn.com/whizz-html/assets/images/21690147_323159298156226_8054100575299567616_n.jpg]
[w5.foxdsgn.com/whizz-html/assets/images/21479642_812459618928142_2671349240113922048_n.jpg]
[w5.foxdsgn.com/whizz-html/assets/images/gallery5-1024x683.jpg]
[w5.foxdsgn.com/whizz-html/assets/images/2000x2000-bigafphoto-sonia-szostak-campaign-mle-ss17-14-1024x683.jpg]
[w5.foxdsgn.com/whizz-html/assets/images/pexels-photo-132821.jpg]
[w5.foxdsgn.com/whizz-html/home-instagrammer.html]
[w5.foxdsgn.com/whizz-html/home-interactive-links.html]
[w5.foxdsgn.com/whizz-html/split-portfolio.html]
[w5.foxdsgn.com/whizz-html/home-agency.html]
[w5.foxdsgn.com/whizz-html/assets/css/style-5.css]
[w5.foxdsgn.com/whizz-html/albums-style-one.html]
[w5.foxdsgn.com/whizz-html/albums-style-two.html]
[w5.foxdsgn.com/whizz-html/assets/css/styleae52.css]
[w5.foxdsgn.com/whizz-html/assets/css/style30f4.css]
[w5.foxdsgn.com/whizz-html/assets/css/admin-ajax30f4.css]
[w5.foxdsgn.com/whizz-html/albums-style-three.html]
[w5.foxdsgn.com/whizz-html/gallery-3d-hover-effect.html]
[w5.foxdsgn.com/whizz-html/gallery-before-after.html]
[w5.foxdsgn.com/whizz-html/card-gallery.html]
[w5.foxdsgn.com/whizz-html/pilling-gallery.html]
[w5.foxdsgn.com/whizz-html/google-map.html]
[w5.foxdsgn.com/whizz-html/modern-image.html]
[w5.foxdsgn.com/whizz-html/image-swap.html]
[w5.foxdsgn.com/whizz-html/skill-bar-radial-progress.html]
[w5.foxdsgn.com/whizz-html/3d-card-flip.html]
[w5.foxdsgn.com/whizz-html/video-modal.html]
[w5.foxdsgn.com/whizz-html/animation-gallery.html]
[w5.foxdsgn.com/whizz-html/price-listing.html]
[w5.foxdsgn.com/whizz-html/assets/images/stock-photo-141684839.jpg]
[w5.foxdsgn.com/whizz-html/assets/images/stock-photo-99615841.jpg]
[w5.foxdsgn.com/whizz-html/bring-me-back.html]
[w5.foxdsgn.com/whizz-html/lifestyle.html]
[w5.foxdsgn.com/whizz-html/assets/images/img.jpg]
[w5.foxdsgn.com/whizz-html/gray-shades.html]
[w5.foxdsgn.com/whizz-html/assets/images/1-38-1170x780.jpg]
[w5.foxdsgn.com/whizz-html/portfolio-single-image.html]
[w5.foxdsgn.com/whizz-html/assets/images/stock-photo-99615841-768x516.jpg]
[w5.foxdsgn.com/whizz-html/full-width-gallery.html]
[w5.foxdsgn.com/whizz-html/assets/js/script3860.js]
[w5.foxdsgn.com/whizz-html/assets/images/2000x2000-bigthe-gypsy-truck-by-markus-henttonen-1.jpg]
[w5.foxdsgn.com/whizz-html/assets/images/1469622853777_Bianca_Wolf_by_Markus_Henttonen_14_gen.jpg]
[w5.foxdsgn.com/whizz-html/assets/images/gallery3-1.jpg]
[w5.foxdsgn.com/whizz-html/assets/images/gallery7-1.jpg]
[w5.foxdsgn.com/whizz-html/assets/images/gallery8.jpg]
[w5.foxdsgn.com/whizz-html/assets/images/600x-katy-sportseries-by-markus-henttonen-16.jpg]
[w5.foxdsgn.com/whizz-html/assets/images/f112e150520955.58d29862e931b.jpg]
[w5.foxdsgn.com/whizz-html/assets/images/2000x2000-bigdasha-studio-by-markus-henttonen-3-1.jpg]
[w5.foxdsgn.com/whizz-html/assets/images/team-img-7.jpg]
[w5.foxdsgn.com/whizz-html/assets/images/pexels-photo-109917.jpg]
[w5.foxdsgn.com/whizz-html/assets/images/2000x2000-bigafphoto-sonia-szostak-campaign-mle-ss17-12.jpg]
[w5.foxdsgn.com/whizz-html/pinterest-portfolio.html]
[w5.foxdsgn.com/whizz-html/freedom.html]
[w5.foxdsgn.com/whizz-html/assets/images/2000x2000-bigdasha-studio-by-markus-henttonen-2.jpg]
[w5.foxdsgn.com/whizz-html/assets/images/2000x2000-bigdasha-studio-by-markus-henttonen-1.jpg]
[w5.foxdsgn.com/whizz-html/portfolio-single-images.html]
[w5.foxdsgn.com/whizz-html/assets/images/pexels-photo-399005.jpg]
[w5.foxdsgn.com/whizz-html/assets/images/pexels-photo-227702-819x1024.jpg]
[w5.foxdsgn.com/whizz-html/assets/images/pexels-photo-426893-1024x683.jpg]
[w5.foxdsgn.com/whizz-html/assets/images/imgonline-com-ua-exifedithD4tlsX5EwRM-1024x682.jpg]
[w5.foxdsgn.com/whizz-html/assets/images/pexels-photo-132941-1024x682.jpg]
[w5.foxdsgn.com/whizz-html/home-splitted-slider.html]
[w5.foxdsgn.com/whizz-html/night-life.html]
[w5.foxdsgn.com/whizz-html/assets/images/500x-dasha-studio-by-markus-henttonen-5.jpg]
[w5.foxdsgn.com/whizz-html/assets/images/2000x2000-bigafphoto-sonia-szostak-campaign-mle-ss17-4.jpg]
[w5.foxdsgn.com/whizz-html/assets/images/pexels-photo-235724.jpg]
[w5.foxdsgn.com/whizz-html/assets/images/1886c949855333.58c057568925d.jpg]
[w5.foxdsgn.com/whizz-html/assets/images/e469aa48547661.589b150b0c7fb.jpg]
[w5.foxdsgn.com/whizz-html/assets/images/pexels-photo-205850.jpg]
[w5.foxdsgn.com/whizz-html/portfolio-single-gallery.html]
[w5.foxdsgn.com/whizz-html/assets/images/5555cb50120557.58c802db2cb69.jpg]
[w5.foxdsgn.com/whizz-html/assets/images/42127750120557.58c802db27e8a.jpg]
[w5.foxdsgn.com/whizz-html/assets/images/99890350120557.58c802db2a836.jpg]
[w5.foxdsgn.com/whizz-html/assets/images/b6abc550120557.58c802db29f70.jpg]
[w5.foxdsgn.com/whizz-html/assets/images/c8a0cb50120557.58c802db2bcf3.jpg]
[w5.foxdsgn.com/whizz-html/assets/images/f30b5750120557.58c802db28c46.jpg]
[w5.foxdsgn.com/whizz-html/assets/images/e1c15450120557.58c802db2b77c.jpg]
[w5.foxdsgn.com/whizz-html/assets/images/0290cb50120557.58c802db299c6.jpg]
[w5.foxdsgn.com/whizz-html/assets/images/03cafe50120557.58c802db2adb1.jpg]
[w5.foxdsgn.com/whizz-html/assets/images/72f69d50520955.58d29862e8f5a.jpg]
[w5.foxdsgn.com/whizz-html/assets/images/91255e50120557.58c802db2c336.jpg]
[w5.foxdsgn.com/whizz-html/home-minimal-gallery.html]
[w5.foxdsgn.com/whizz-html/assets/images/b8886c48491007.5899b2c7888c6.jpg]
[w5.foxdsgn.com/whizz-html/assets/images/9790ff48491007.5899b2c77343f.jpg]
[w5.foxdsgn.com/whizz-html/mountain.html]
[w5.foxdsgn.com/whizz-html/assets/images/giphy.gif]
[w5.foxdsgn.com/whizz-html/assets/images/giphy-4.gif]
[w5.foxdsgn.com/whizz-html/assets/images/tumblr_mib7zxivhK1rla1tko1_500.gif]
[w5.foxdsgn.com/whizz-html/assets/images/giphy-5.gif]
[w5.foxdsgn.com/whizz-html/assets/images/giphy-3.gif]
[w5.foxdsgn.com/whizz-html/assets/images/tumblr_nbjjct0Yqj1s9tueyo1_500.gif]
[w5.foxdsgn.com/whizz-html/assets/images/giphy-2.gif]
[w5.foxdsgn.com/whizz-html/assets/images/giphy-1.gif]
[w5.foxdsgn.com/whizz-html/portfolio-single-animated.html]
[w5.foxdsgn.com/whizz-html/assets/js/jquery.min.js]
[w5.foxdsgn.com/whizz-html/assets/images/fc86a950520955.58d29862e845e.jpg]
[w5.foxdsgn.com/whizz-html/assets/images/671eaa48547661.589b150b0be12.jpg]
[w5.foxdsgn.com/whizz-html/assets/images/80a03350520955.58d29862e89fb.jpg]
[w5.foxdsgn.com/whizz-html/assets/images/45dcfa48547661.589b150b0c308.jpg]
[w5.foxdsgn.com/whizz-html/assets/images/2289a748547661.589b150b0f9c8.jpg]
[w5.foxdsgn.com/whizz-html/other-view.html]
[w5.foxdsgn.com/whizz-html/portfolio-single-video.html]
[w5.foxdsgn.com/whizz-html/anna-grand.html]
[w5.foxdsgn.com/whizz-html/assets/images/stock-photo-198379355.jpg]
[w5.foxdsgn.com/whizz-html/impressure.html]
[w5.foxdsgn.com/whizz-html/blog.html]
[w5.foxdsgn.com/whizz-html/blog-style-two.html]
[w5.foxdsgn.com/whizz-html/blog-style-three.html]
[w5.foxdsgn.com/whizz-html/blog-style-four.html]
[w5.foxdsgn.com/whizz-html/blog-style-five.html]
[w5.foxdsgn.com/whizz-html/blog-style-six.html]
[w5.foxdsgn.com/whizz-html/assets/images/21576614_677684005758244_4736622519669227520_n.jpg]
[w5.foxdsgn.com/whizz-html/assets/images/21568544_261760154344984_7684325022353063936_n.jpg]
[w5.foxdsgn.com/whizz-html/assets/images/21576513_124544648285692_2487612832703578112_n.jpg]
[w5.foxdsgn.com/whizz-html/assets/images/21576629_1430852740330255_6305499568100343808_n.jpg]
[w5.foxdsgn.com/whizz-html/assets/images/21688579_1973011972988553_1174391126996549632_n.jpg]
[w5.foxdsgn.com/whizz-html/assets/images/21480479_1412172845498696_8309157732158537728_n.jpg]
[w5.foxdsgn.com/whizz-html/assets/images/21576565_1721245804844430_1877517311036882944_n.jpg]
[w5.foxdsgn.com/whizz-html/assets/images/21577336_1873835315976817_3919109029980274688_n.jpg]
[w5.foxdsgn.com/whizz-html/assets/images/21689059_151974275392695_1665412223729664000_n.jpg]
[w5.foxdsgn.com/whizz-html/assets/images/21568490_241075766417001_6199988641297596416_n.jpg]
[w5.foxdsgn.com/whizz-html/assets/images/21576701_667303390135326_566209331087802368_n.jpg]
[w5.foxdsgn.com/whizz-html/assets/images/21688838_980526908753884_7535994499969843200_n.jpg]
[w5.foxdsgn.com/whizz-html/assets/images/21577207_511207289243762_8162681235487850496_n.jpg]
[w5.foxdsgn.com/whizz-html/assets/js/modernizr.custom.26633.js]
[w5.foxdsgn.com/whizz-html/clients.html]
[w5.foxdsgn.com/whizz-html/assets/js/jquery.gridrotator.js]
[w5.foxdsgn.com/whizz-html/assets/images/team-img-4-291x300.jpg]
[w5.foxdsgn.com/whizz-html/assets/images/team-img-6-291x300.jpg]
[w5.foxdsgn.com/whizz-html/assets/images/team-img-2-1-291x300.jpg]
[w5.foxdsgn.com/whizz-html/assets/images/2000x2000-bigafphoto-sonia-szostak-campaign-mle-ss17-7.jpg]
[w5.foxdsgn.com/whizz-html/assets/images/pexels-photo-172101.jpg]
[w5.foxdsgn.com/whizz-html/assets/lib/mediaelement/wp-mediaelement.min.js]
[w5.foxdsgn.com/whizz-html/assets/lib/mediaelement/mediaelement-and-player.min.js]
[w5.foxdsgn.com/whizz-html/assets/lib/mediaelement/mediaelement-migrate.min.js]
[w5.foxdsgn.com/whizz-html/page-left-sidebar.html]
[w5.foxdsgn.com/whizz-html/about-me-style-one.html]
[w5.foxdsgn.com/whizz-html/assets/js/custom.js]
[w5.foxdsgn.com/whizz-html/assets/images/stock-photo-203371029-e1504879422707.jpg]
[w5.foxdsgn.com/whizz-html/contact-me.html]
[w5.foxdsgn.com/whizz-html/assets/images/woman-face-curly-hair-157920-300x300.jpg]
[w5.foxdsgn.com/whizz-html/assets/images/5f7b1d48491007.5899b2c7a0045-682x1024.jpg]
[w5.foxdsgn.com/whizz-html/assets/images/Rectangle-40.jpg]
[w5.foxdsgn.com/whizz-html/assets/images/Rectangle-26.jpg]
[w5.foxdsgn.com/whizz-html/assets/images/Rectangle-15.jpg]
[w5.foxdsgn.com/whizz-html/assets/images/Rectangle-10.jpg]
[w5.foxdsgn.com/whizz-html/assets/images/pexels-photo-173295-1024x787.jpg]
[w5.foxdsgn.com/whizz-html/assets/images/pexels-photo-271544-1024x774.jpg]
[w5.foxdsgn.com/whizz-html/assets/images/pexels-photo-1024x690.jpg]
[w5.foxdsgn.com/whizz-html/alisa-piror.html]
[w5.foxdsgn.com/whizz-html/assets/images/1-1.jpg]
[w5.foxdsgn.com/whizz-html/contact-us-style-one.html]
[w5.foxdsgn.com/whizz-html/assets/css/justifiedGallery3860.css]
[w5.foxdsgn.com/whizz-html/assets/images/2000x2000-biglourdes-by-markus-henttonen-3.jpg]
[w5.foxdsgn.com/whizz-html/assets/images/77.jpg]
[w5.foxdsgn.com/whizz-html/assets/images/e4059b48547661.589b150b0dc78.jpg]
[w5.foxdsgn.com/whizz-html/page-full-width.html]
[w5.foxdsgn.com/whizz-html/about-us-style-one.html]
[w5.foxdsgn.com/whizz-html/assets/images/slide-1-1920x926.jpg]
[w5.foxdsgn.com/whizz-html/phasellus-felis.html]
[w5.foxdsgn.com/whizz-html/curabitur-eget.html]
[w5.foxdsgn.com/whizz-html/pricing-style-one.html]
[w5.foxdsgn.com/whizz-html/assets/images/10-mens-basics-brands-7.jpg]
[w5.foxdsgn.com/whizz-html/assets/images/iStock-476663723-1-760x760.jpg]
[w5.foxdsgn.com/whizz-html/assets/images/pexels-photo-337193.jpg]
[w5.foxdsgn.com/whizz-html/assets/images/pexels-photo-129828.jpeg]
[w5.foxdsgn.com/whizz-html/assets/images/Layer-11.jpg]
[w5.foxdsgn.com/whizz-html/services-style-one.html]
[w5.foxdsgn.com/whizz-html/aliquam-massa.html]
[w5.foxdsgn.com/whizz-html/etiam-maximus.html]
[w5.foxdsgn.com/whizz-html/our-team.html]
[w5.foxdsgn.com/whizz-html/coming-soon.html]
[w5.foxdsgn.com/whizz-html/assets/css/styles3860.css]
[w5.foxdsgn.com/whizz-html/assets/css/icons.css]
[w5.foxdsgn.com/whizz-html/assets/css/tooltipster.css]
[w5.foxdsgn.com/whizz-html/assets/css/tooltipster-light.css]
[w5.foxdsgn.com/whizz-html/assets/css/responsive.css]
[w5.foxdsgn.com/whizz-html/assets/js/datepicker.min.js]
[w5.foxdsgn.com/whizz-html/assets/js/imagesloaded.min.js]
[w5.foxdsgn.com/whizz-html/assets/js/spin.min.js]
[w5.foxdsgn.com/whizz-html/assets/js/spin.jquery.js]
[w5.foxdsgn.com/whizz-html/assets/js/jquery.tooltipster.min.js]
[w5.foxdsgn.com/whizz-html/booking.html]
[w5.foxdsgn.com/whizz-html/assets/js/functions.js]
[w5.foxdsgn.com/whizz-html/assets/images/port-img-4.jpg]
[w5.foxdsgn.com/whizz-html/assets/images/port-img-10-600x600.jpg]
[w5.foxdsgn.com/whizz-html/assets/images/port-img-12.jpg]
[w5.foxdsgn.com/whizz-html/assets/images/port-img-9.jpg]
[w5.foxdsgn.com/whizz-html/assets/images/port-img-8.jpg]
[w5.foxdsgn.com/whizz-html/assets/images/port-img-7.jpg]
[w5.foxdsgn.com/whizz-html/shop-style-one.html]
[w5.foxdsgn.com/whizz-html/assets/images/stock-photo-160558133.jpg]
[w5.foxdsgn.com/whizz-html/assets/images/1-11-500x500.jpg]
[w5.foxdsgn.com/whizz-html/assets/images/gallery-item11.jpg]
[w5.foxdsgn.com/whizz-html/assets/images/stock-photo-203297713-1024x683.jpg]
[w5.foxdsgn.com/whizz-html/shop-style-two.html]
[w5.foxdsgn.com/whizz-html/shop-style-two-next.html]
[w5.foxdsgn.com/assets/css/woocommerce-smallscreena25a.css]
[w5.foxdsgn.com/whizz-html/assets/images/pexels-photo-127606.jpg]
[w5.foxdsgn.com/whizz-html/melisas-eyes.html]
[w5.foxdsgn.com/whizz-html/assets/js/single-product.min.js]
[w5.foxdsgn.com/whizz-html/assets/js/js.cookie.min.js]
[w5.foxdsgn.com/whizz-html/assets/js/woocommerce.min.js]
[w5.foxdsgn.com/whizz-html/assets/js/add-to-cart-variation.min.js]
[w5.foxdsgn.com/whizz-html/assets/js/underscore.min.js]
[w5.foxdsgn.com/whizz-html/assets/js/wp-util.min.js]
[w5.foxdsgn.com/whizz-html/your-ideal-place.html]
[w5.foxdsgn.com/whizz-html/cart/index.html]
[w5.foxdsgn.com/whizz-html/assets/fonts/glyphicons-halflings-regular.svg]
[w5.foxdsgn.com/whizz-html/assets/fonts/fontawesome-webfont3e6e.html]
[w5.foxdsgn.com/whizz-html/assets/fonts/fontawesome-webfont3e6e.svg]
[w5.foxdsgn.com/whizz-html/assets/fonts/Pe-icon-7-strokebb1d.svg]
[w5.foxdsgn.com/whizz-html/assets/lib/fonts/lgd641.svg]
[w5.foxdsgn.com/whizz-html/assets/css/admin-ajax5e1f.css]
[w5.foxdsgn.com/whizz-html/assets/css/style5e1f.css]
[w5.foxdsgn.com/whizz-html/assets/vc/alert.png]
[w5.foxdsgn.com/whizz-html/assets/vc/info.png]
[w5.foxdsgn.com/whizz-html/assets/vc/tick.png]
[w5.foxdsgn.com/whizz-html/assets/vc/exclamation.png]
[w5.foxdsgn.com/whizz-html/assets/images/icons/address-book.png]
[w5.foxdsgn.com/whizz-html/assets/images/icons/alarm-clock.png]
[w5.foxdsgn.com/whizz-html/assets/images/icons/anchor.png]
[w5.foxdsgn.com/whizz-html/assets/images/icons/application-image.png]
[w5.foxdsgn.com/whizz-html/assets/images/icons/arrow.png]
[w5.foxdsgn.com/whizz-html/assets/images/icons/asterisk.png]
[w5.foxdsgn.com/whizz-html/assets/images/icons/auction-hammer.png]
[w5.foxdsgn.com/whizz-html/assets/images/icons/balloon.png]
[w5.foxdsgn.com/whizz-html/assets/images/icons/balloon-buzz.png]
[w5.foxdsgn.com/whizz-html/assets/images/icons/balloon-facebook.png]
[w5.foxdsgn.com/whizz-html/assets/images/icons/balloon-twitter.png]
[w5.foxdsgn.com/whizz-html/assets/images/icons/battery-full.png]
[w5.foxdsgn.com/whizz-html/assets/images/icons/binocular.png]
[w5.foxdsgn.com/whizz-html/assets/images/icons/blue-document-excel.png]
[w5.foxdsgn.com/whizz-html/assets/images/icons/blue-document-image.png]
[w5.foxdsgn.com/whizz-html/assets/images/icons/blue-document-music.png]
[w5.foxdsgn.com/whizz-html/assets/images/icons/blue-document-office.png]
[w5.foxdsgn.com/whizz-html/assets/images/icons/blue-document-pdf.png]
[w5.foxdsgn.com/whizz-html/assets/images/icons/blue-document-powerpoint.png]
[w5.foxdsgn.com/whizz-html/assets/images/icons/blue-document-word.png]
[w5.foxdsgn.com/whizz-html/assets/images/icons/bookmark.png]
[w5.foxdsgn.com/whizz-html/assets/images/icons/camcorder.png]
[w5.foxdsgn.com/whizz-html/assets/images/icons/camera.png]
[w5.foxdsgn.com/whizz-html/assets/images/icons/chart.png]
[w5.foxdsgn.com/whizz-html/assets/images/icons/chart-pie.png]
[w5.foxdsgn.com/whizz-html/assets/images/icons/clock.png]
[w5.foxdsgn.com/whizz-html/assets/images/icons/control.png]
[w5.foxdsgn.com/whizz-html/assets/images/icons/fire.png]
[w5.foxdsgn.com/whizz-html/assets/images/icons/heart.png]
[w5.foxdsgn.com/whizz-html/assets/images/icons/mail.png]
[w5.foxdsgn.com/whizz-html/assets/images/icons/plus-shield.png]
[w5.foxdsgn.com/whizz-html/assets/images/icons/video.png]
[w5.foxdsgn.com/whizz-html/assets/fonts/vc_icons_v2/fonts/vcpb-plugin-iconsb82a.eot]
[w5.foxdsgn.com/whizz-html/assets/fonts/vc_icons_v2/fonts/vcpb-plugin-iconsb82a.ttf]
[w5.foxdsgn.com/whizz-html/assets/fonts/vc_icons_v2/fonts/vcpb-plugin-iconsb82a.woff]
[w5.foxdsgn.com/whizz-html/assets/fonts/vc_icons_v2/fonts/vcpb-plugin-iconsb82a.svg]
[w5.foxdsgn.com/whizz-html/assets/images/toggle_open.png]
[w5.foxdsgn.com/whizz-html/assets/images/toggle_close.png]
[w5.foxdsgn.com/whizz-html/assets/images/flickr.png]
[w5.foxdsgn.com/whizz-html/assets/vc/blur.svg]
[w5.foxdsgn.com/whizz-html/assets/fonts/vc_grid/vc_grid_v157a1.eot]
[w5.foxdsgn.com/whizz-html/assets/fonts/vc_grid/vc_grid_v1d41d.eot]
[w5.foxdsgn.com/whizz-html/assets/fonts/vc_grid/vc_grid_v157a1.woff]
[w5.foxdsgn.com/whizz-html/assets/fonts/vc_grid/vc_grid_v157a1.ttf]
[w5.foxdsgn.com/whizz-html/assets/fonts/vc_grid/vc_grid_v157a1.svg]
[w5.foxdsgn.com/whizz-html/assets/images/spinner.gif]
[w5.foxdsgn.com/whizz-html/assets/vc/remove.png]
[w5.foxdsgn.com/whizz-html/assets/css/js_composer.min.css]
[pinterest.com/pin/create/button/indexc587.html]
[pinterest.com/pin/create/button/index1206.html]
[pinterest.com/pin/create/button/indexc112.html]
[pinterest.com/pin/create/button/indexf6b8.html]
[pinterest.com/pin/create/button/index0e8e.html]
[pinterest.com/pin/create/button/index35b1.html]
[w5.foxdsgn.com/whizz-html/assets/css/custom5e1f.css]
[w5.foxdsgn.com/whizz-html/assets/css/style3860.css]
[w5.foxdsgn.com/whizz-html/assets/css/full-video-style.css]
[w5.foxdsgn.com/whizz-html/assets/images/close-button.205.delayed]
[w5.foxdsgn.com/whizz-html/assets/css/style.min.css]
[w5.foxdsgn.com/whizz-html/assets/css/style3.min.css]
[w5.foxdsgn.com/whizz-html/assets/css/custom3860.css]
[w5.foxdsgn.com/whizz-html/assets/css/menu-item-item.css]
[w5.foxdsgn.com/whizz-html/assets/lib/mediaelement/wp-mediaelement.min.css]
[w5.foxdsgn.com/whizz-html/assets/lib/mediaelement/mediaelementplayer-legacy.min.css]
[w5.foxdsgn.com/whizz-html/intence.html]
[w5.foxdsgn.com/whizz-html/urban-style-2.html]
[w5.foxdsgn.com/whizz-html/pink.html]
[w5.foxdsgn.com/whizz-html/peter-salivan.html]
[w5.foxdsgn.com/whizz-html/mirrors-2.html]
[w5.foxdsgn.com/whizz-html/loneliness.html]
[w5.foxdsgn.com/whizz-html/morning-on-sea.html]
[w5.foxdsgn.com/whizz-html/sweet-chilling.html]
[w5.foxdsgn.com/whizz-html/assets/images/sweet-chilling.html]
[w5.foxdsgn.com/whizz-html/landscape.html]
[w5.foxdsgn.com/whizz-html/assets/lib/mediaelement/mejs-controls.svg]
[w5.foxdsgn.com/whizz-html/assets/css/mCSB_buttons.207.delayed]
[w5.foxdsgn.com/whizz-html/assets/css/mCustomScrollbar.min.css]
[w5.foxdsgn.com/whizz-html/assets/css/mCustomScrollbar.css]
[w5.foxdsgn.com/whizz-html/assets/css/menu-left-center.css]
[w5.foxdsgn.com/whizz-html/assets/images/pexels-photo-212938.jpg]
[w5.foxdsgn.com/whizz-html/assets/css/style-2.css]
[w5.foxdsgn.com/whizz-html/assets/fonts/star.eot]
[w5.foxdsgn.com/whizz-html/assets/fonts/stard41d.eot]
[w5.foxdsgn.com/whizz-html/assets/fonts/star.woff]
[w5.foxdsgn.com/whizz-html/assets/fonts/star.ttf]
[w5.foxdsgn.com/whizz-html/assets/fonts/star.svg]
[w5.foxdsgn.com/whizz-html/assets/fonts/WooCommerce.eot]
[w5.foxdsgn.com/whizz-html/assets/fonts/WooCommerced41d.eot]
[w5.foxdsgn.com/whizz-html/assets/fonts/WooCommerce.woff]
[w5.foxdsgn.com/whizz-html/assets/fonts/WooCommerce.ttf]
[w5.foxdsgn.com/whizz-html/assets/fonts/WooCommerce.svg]
[w5.foxdsgn.com/whizz-html/assets/images/icons/loader.svg]
[w5.foxdsgn.com/whizz-html/assets/images/icons/credit-cards/visa.svg]
[w5.foxdsgn.com/whizz-html/assets/images/icons/credit-cards/mastercard.svg]
[w5.foxdsgn.com/whizz-html/assets/images/icons/credit-cards/laser.svg]
[w5.foxdsgn.com/whizz-html/assets/images/icons/credit-cards/diners.svg]
[w5.foxdsgn.com/whizz-html/assets/images/icons/credit-cards/maestro.svg]
[w5.foxdsgn.com/whizz-html/assets/images/icons/credit-cards/jcb.svg]
[w5.foxdsgn.com/whizz-html/assets/images/icons/credit-cards/amex.svg]
[w5.foxdsgn.com/whizz-html/assets/images/icons/credit-cards/discover.svg]
[w5.foxdsgn.com/whizz-html/assets/css/woocommerce.css]
[w5.foxdsgn.com/whizz-html/assets/css/woocommerce-smallscreen.css]
[w5.foxdsgn.com/whizz-html/assets/css/woocommerce-layout.css]
[w5.foxdsgn.com/whizz-html/assets/css/style-5.css]
[w5.foxdsgn.com/whizz-html/assets/css/styleae52.css]
[w5.foxdsgn.com/whizz-html/assets/css/style30f4.css]
[w5.foxdsgn.com/whizz-html/assets/css/admin-ajax30f4.css]
[scontent.cdninstagram.com/vp/cdb5dbb309cd582c98e96f19cc701dbc/5D26DF25/t51.2885-15/sh0.08/e35/s640x640/21688994_1671483912895790_8046628998651838464_n7d5a.jpg]
[scontent.cdninstagram.com/vp/fdb176445ce8b5908f70b59c568cfc58/5CE3CC09/t51.2885-15/sh0.08/e35/s640x640/21819745_1951787281711042_2151630520528666624_n7d5a.jpg]
[scontent.cdninstagram.com/vp/044f871bf490d7fdd7f250c69ee2577e/5CF17FA5/t51.2885-15/sh0.08/e35/s640x640/21568962_1768928190072974_9179497670320848896_n7d5a.jpg]
[scontent.cdninstagram.com/vp/f8f5f77c7b449b80096b567eb5d24e8b/5CF091B5/t51.2885-15/sh0.08/e35/s640x640/16906430_482575868781774_738470934502965248_n7d5a.jpg]
[w5.foxdsgn.com/whizz-html/gallery-3d-hover-effect.html]
[w5.foxdsgn.com/whizz-html/gallery-before-after.html]
[w5.foxdsgn.com/whizz-html/card-gallery.html]
[w5.foxdsgn.com/whizz-html/pilling-gallery.html]
[w5.foxdsgn.com/whizz-html/google-map.html]
[w5.foxdsgn.com/whizz-html/modern-image.html]
[w5.foxdsgn.com/whizz-html/image-swap.html]
[w5.foxdsgn.com/whizz-html/skill-bar-radial-progress.html]
[w5.foxdsgn.com/whizz-html/3d-card-flip.html]
[w5.foxdsgn.com/whizz-html/video-modal.html]
[w5.foxdsgn.com/whizz-html/animation-gallery.html]
[w5.foxdsgn.com/whizz-html/price-listing.html]
[w5.foxdsgn.com/whizz-html/bring-me-back.html]
[w5.foxdsgn.com/whizz-html/assets/css/justifiedGallery3860.css]
[w5.foxdsgn.com/whizz-html/phasellus-felis.html]
[w5.foxdsgn.com/whizz-html/assets/images/pexels-photo-129828.html]
[w5.foxdsgn.com/whizz-html/aliquam-massa.html]
[w5.foxdsgn.com/whizz-html/assets/images/stock-photo-1231052150c7a.jpg]
[w5.foxdsgn.com/whizz-html/assets/css/styles3860.css]
[w5.foxdsgn.com/whizz-html/assets/css/icons.css]
[w5.foxdsgn.com/whizz-html/assets/css/tooltipster.css]
[w5.foxdsgn.com/whizz-html/assets/css/tooltipster-light.css]
[w5.foxdsgn.com/whizz-html/assets/css/responsive.css]
[w5.foxdsgn.com/whizz-html/shop-style-two-next.html]
[w5.foxdsgn.com/assets/css/woocommerce-smallscreena25a.html]
[w5.foxdsgn.com/whizz-html/assets/vc/alert.html]
[w5.foxdsgn.com/whizz-html/assets/vc/info.html]
[w5.foxdsgn.com/whizz-html/assets/vc/tick.html]
[w5.foxdsgn.com/whizz-html/assets/vc/exclamation.html]
[w5.foxdsgn.com/whizz-html/assets/images/icons/address-book.html]
[w5.foxdsgn.com/whizz-html/assets/images/icons/alarm-clock.html]
[w5.foxdsgn.com/whizz-html/assets/images/icons/anchor.html]
[w5.foxdsgn.com/whizz-html/assets/images/icons/application-image.html]
[w5.foxdsgn.com/whizz-html/assets/images/icons/arrow.html]
[w5.foxdsgn.com/whizz-html/assets/images/icons/asterisk.html]
[w5.foxdsgn.com/whizz-html/assets/images/icons/auction-hammer.html]
[w5.foxdsgn.com/whizz-html/assets/images/icons/balloon.html]
[w5.foxdsgn.com/whizz-html/assets/images/icons/balloon-buzz.html]
[w5.foxdsgn.com/whizz-html/assets/images/icons/balloon-facebook.html]
[w5.foxdsgn.com/whizz-html/assets/images/icons/balloon-twitter.html]
[w5.foxdsgn.com/whizz-html/assets/images/icons/battery-full.html]
[w5.foxdsgn.com/whizz-html/assets/images/icons/binocular.html]
[w5.foxdsgn.com/whizz-html/assets/images/icons/blue-document-excel.html]
[w5.foxdsgn.com/whizz-html/assets/images/icons/blue-document-image.html]
[w5.foxdsgn.com/whizz-html/assets/images/icons/blue-document-music.html]
[w5.foxdsgn.com/whizz-html/assets/images/icons/blue-document-office.html]
[w5.foxdsgn.com/whizz-html/assets/images/icons/blue-document-pdf.html]
[w5.foxdsgn.com/whizz-html/assets/images/icons/blue-document-powerpoint.html]
[w5.foxdsgn.com/whizz-html/assets/images/icons/blue-document-word.html]
[w5.foxdsgn.com/whizz-html/assets/images/icons/bookmark.html]
[w5.foxdsgn.com/whizz-html/assets/images/icons/camcorder.html]
[w5.foxdsgn.com/whizz-html/assets/images/icons/camera.html]
[w5.foxdsgn.com/whizz-html/assets/images/icons/chart.html]
[w5.foxdsgn.com/whizz-html/assets/images/icons/chart-pie.html]
[w5.foxdsgn.com/whizz-html/assets/images/icons/clock.html]
[w5.foxdsgn.com/whizz-html/assets/images/icons/control.html]
[w5.foxdsgn.com/whizz-html/assets/images/icons/fire.html]
[w5.foxdsgn.com/whizz-html/assets/images/icons/heart.html]
[w5.foxdsgn.com/whizz-html/assets/images/icons/mail.html]
[w5.foxdsgn.com/whizz-html/assets/images/icons/plus-shield.html]
[w5.foxdsgn.com/whizz-html/assets/images/icons/video.html]
[w5.foxdsgn.com/whizz-html/assets/fonts/vc_icons_v2/fonts/vcpb-plugin-iconsb82a.html]
[w5.foxdsgn.com/whizz-html/assets/fonts/vc_icons_v2/fonts/vcpb-plugin-iconsb82a-2.html]
[w5.foxdsgn.com/whizz-html/assets/fonts/vc_icons_v2/fonts/vcpb-plugin-iconsb82a-3.html]
[w5.foxdsgn.com/whizz-html/assets/fonts/vc_icons_v2/fonts/vcpb-plugin-iconsb82a-4.html]
[w5.foxdsgn.com/whizz-html/assets/images/toggle_open.html]
[w5.foxdsgn.com/whizz-html/assets/images/toggle_close.html]
[w5.foxdsgn.com/whizz-html/assets/images/flickr.html]
[w5.foxdsgn.com/whizz-html/assets/vc/blur.html]
[w5.foxdsgn.com/whizz-html/assets/fonts/vc_grid/vc_grid_v157a1.html]
[w5.foxdsgn.com/whizz-html/assets/fonts/vc_grid/vc_grid_v1d41d.html]
[w5.foxdsgn.com/whizz-html/assets/fonts/vc_grid/vc_grid_v157a1-2.html]
[w5.foxdsgn.com/whizz-html/assets/fonts/vc_grid/vc_grid_v157a1-3.html]
[w5.foxdsgn.com/whizz-html/assets/fonts/vc_grid/vc_grid_v157a1-4.html]
[w5.foxdsgn.com/whizz-html/assets/images/spinner.html]
[w5.foxdsgn.com/whizz-html/assets/vc/remove.html]
[pinterest.com/pin/create/button/index5372.html]
[pinterest.com/pin/create/button/indexc85a.html]
[pinterest.com/pin/create/button/index1085.html]
[pinterest.com/pin/create/button/index031f.html]
[pinterest.com/pin/create/button/index778d.html]
[pinterest.com/pin/create/button/indexcfd8.html]
[w5.foxdsgn.com/whizz-html/assets/images/close-button.html]
[w5.foxdsgn.com/whizz-html/assets/lib/mediaelement/mejs-controls.svg]
[w5.foxdsgn.com/whizz-html/assets/css/mCSB_buttons.html]
[w5.foxdsgn.com/whizz-html/assets/fonts/star.html]
[w5.foxdsgn.com/whizz-html/assets/fonts/stard41d.html]
[w5.foxdsgn.com/whizz-html/assets/fonts/star-2.html]
[w5.foxdsgn.com/whizz-html/assets/fonts/star-3.html]
[w5.foxdsgn.com/whizz-html/assets/fonts/star-4.html]
[w5.foxdsgn.com/whizz-html/assets/fonts/WooCommerce.html]
[w5.foxdsgn.com/whizz-html/assets/fonts/WooCommerced41d.html]
[w5.foxdsgn.com/whizz-html/assets/fonts/WooCommerce-2.html]
[w5.foxdsgn.com/whizz-html/assets/fonts/WooCommerce-3.html]
[w5.foxdsgn.com/whizz-html/assets/images/icons/loader.html]
[w5.foxdsgn.com/whizz-html/assets/images/icons/credit-cards/visa.html]
[w5.foxdsgn.com/whizz-html/assets/images/icons/credit-cards/mastercard.html]
[w5.foxdsgn.com/whizz-html/assets/images/icons/credit-cards/laser.html]
[w5.foxdsgn.com/whizz-html/assets/images/icons/credit-cards/diners.html]
[w5.foxdsgn.com/whizz-html/assets/images/icons/credit-cards/maestro.html]
[w5.foxdsgn.com/whizz-html/assets/images/icons/credit-cards/jcb.html]
[w5.foxdsgn.com/whizz-html/assets/images/icons/credit-cards/amex.html]
[w5.foxdsgn.com/whizz-html/assets/images/icons/credit-cards/discover.html]
